remaining=PT0S
history=[
  WORK PT3H,
  WAIT PT5H,
  WORK PT5H
]
